{
  "version": "1.5.0",
  "plugins_used": [
    {
      "name": "ArtifactoryDetector"
    },
    {
      "name": "AWSKeyDetector"
    },
    {
      "name": "AzureStorageKeyDetector"
    },
    {
      "name": "Base64HighEntropyString",
      "limit": 4.5
    },
    {
      "name": "BasicAuthDetector"
    },
    {
      "name": "CloudantDetector"
    },
    {
      "name": "DiscordBotTokenDetector"
    },
    {
      "name": "GitHubTokenDetector"
    },
    {
      "name": "GitLabTokenDetector"
    },
    {
      "name": "HexHighEntropyString",
      "limit": 3.0
    },
    {
      "name": "IbmCloudIamDetector"
    },
    {
      "name": "IbmCosHmacDetector"
    },
    {
      "name": "IPPublicDetector"
    },
    {
      "name": "JwtTokenDetector"
    },
    {
      "name": "KeywordDetector",
      "keyword_exclude": ""
    },
    {
      "name": "MailchimpDetector"
    },
    {
      "name": "NpmDetector"
    },
    {
      "name": "OpenAIDetector"
    },
    {
      "name": "PrivateKeyDetector"
    },
    {
      "name": "PypiTokenDetector"
    },
    {
      "name": "SendGridDetector"
    },
    {
      "name": "SlackDetector"
    },
    {
      "name": "SoftlayerDetector"
    },
    {
      "name": "SquareOAuthDetector"
    },
    {
      "name": "StripeDetector"
    },
    {
      "name": "TelegramBotTokenDetector"
    },
    {
      "name": "TwilioKeyDetector"
    }
  ],
  "filters_used": [
    {
      "path": "detect_secrets.filters.allowlist.is_line_allowlisted"
    },
    {
      "path": "detect_secrets.filters.common.is_ignored_due_to_verification_policies",
      "min_level": 2
    },
    {
      "path": "detect_secrets.filters.heuristic.is_indirect_reference"
    },
    {
      "path": "detect_secrets.filters.heuristic.is_likely_id_string"
    },
    {
      "path": "detect_secrets.filters.heuristic.is_lock_file"
    },
    {
      "path": "detect_secrets.filters.heuristic.is_not_alphanumeric_string"
    },
    {
      "path": "detect_secrets.filters.heuristic.is_potential_uuid"
    },
    {
      "path": "detect_secrets.filters.heuristic.is_prefixed_with_dollar_sign"
    },
    {
      "path": "detect_secrets.filters.heuristic.is_sequential_string"
    },
    {
      "path": "detect_secrets.filters.heuristic.is_swagger_file"
    },
    {
      "path": "detect_secrets.filters.heuristic.is_templated_secret"
    },
    {
      "path": "detect_secrets.filters.regex.should_exclude_file",
      "pattern": [
        "^\\.git/"
      ]
    }
  ],
  "results": {
    "src/winnow/llm.py": [
      {
        "type": "Secret Keyword",
        "filename": "src/winnow/llm.py",
        "hashed_secret": "efe8a869631141fe7bd4d0a7089999a99e5b4365",
        "is_verified": false,
        "line_number": 31
      }
    ],
    "tests/fixtures/profile.yaml": [
      {
        "type": "Hex High Entropy String",
        "filename": "tests/fixtures/profile.yaml",
        "hashed_secret": "1d0fb46e67768b4e7ba10720313ee88db1a89e92",
        "is_verified": false,
        "line_number": 231
      }
    ],
    "tests/fixtures/workday_redhat_jobs.json": [
      {
        "type": "Hex High Entropy String",
        "filename": "tests/fixtures/workday_redhat_jobs.json",
        "hashed_secret": "0280e762e9c0bca180c802e14ff2580edd695155",
        "is_verified": false,
        "line_number": 1
      },
      {
        "type": "Hex High Entropy String",
        "filename": "tests/fixtures/workday_redhat_jobs.json",
        "hashed_secret": "054ab08993ddc5e22a1acb187fcb9b4168e83e79",
        "is_verified": false,
        "line_number": 1
      },
      {
        "type": "Hex High Entropy String",
        "filename": "tests/fixtures/workday_redhat_jobs.json",
        "hashed_secret": "098ff8e75546087323fda2f291658033f3fcfddb",
        "is_verified": false,
        "line_number": 1
      },
      {
        "type": "Base64 High Entropy String",
        "filename": "tests/fixtures/workday_redhat_jobs.json",
        "hashed_secret": "09b66634b8dea3d8e9225af41ef4b9000859291b",
        "is_verified": false,
        "line_number": 1
      },
      {
        "type": "Hex High Entropy String",
        "filename": "tests/fixtures/workday_redhat_jobs.json",
        "hashed_secret": "0a2e5bd12a99f4307833a3bf7910eccd692bb260",
        "is_verified": false,
        "line_number": 1
      },
      {
        "type": "Hex High Entropy String",
        "filename": "tests/fixtures/workday_redhat_jobs.json",
        "hashed_secret": "11cb1f84e1b7fc022361b83552d141add68709dd",
        "is_verified": false,
        "line_number": 1
      },
      {
        "type": "Base64 High Entropy String",
        "filename": "tests/fixtures/workday_redhat_jobs.json",
        "hashed_secret": "192ae7297ceb4700ed01924fdb2c13c15c6ae370",
        "is_verified": false,
        "line_number": 1
      },
      {
        "type": "Hex High Entropy String",
        "filename": "tests/fixtures/workday_redhat_jobs.json",
        "hashed_secret": "19dc4499bffaff7f79565b7e132a3a97499d4705",
        "is_verified": false,
        "line_number": 1
      },
      {
        "type": "Hex High Entropy String",
        "filename": "tests/fixtures/workday_redhat_jobs.json",
        "hashed_secret": "1a649aaeb6dfefff545dfb5f538268ec7cf54a5d",
        "is_verified": false,
        "line_number": 1
      },
      {
        "type": "Hex High Entropy String",
        "filename": "tests/fixtures/workday_redhat_jobs.json",
        "hashed_secret": "1af64605ebbbf542f50e551eb037d77f11f8bfa8",
        "is_verified": false,
        "line_number": 1
      },
      {
        "type": "Hex High Entropy String",
        "filename": "tests/fixtures/workday_redhat_jobs.json",
        "hashed_secret": "1b69b42c9979628b9ad59321187975d84be10f46",
        "is_verified": false,
        "line_number": 1
      },
      {
        "type": "Hex High Entropy String",
        "filename": "tests/fixtures/workday_redhat_jobs.json",
        "hashed_secret": "1ba68ef313395de6a54ed605850df6fecd2afac0",
        "is_verified": false,
        "line_number": 1
      },
      {
        "type": "Hex High Entropy String",
        "filename": "tests/fixtures/workday_redhat_jobs.json",
        "hashed_secret": "1c84f2b3872b555d7a6928ddef6b3d2c73465d40",
        "is_verified": false,
        "line_number": 1
      },
      {
        "type": "Hex High Entropy String",
        "filename": "tests/fixtures/workday_redhat_jobs.json",
        "hashed_secret": "1d2d026daec42cdaec7d8953920e8c878ca9c054",
        "is_verified": false,
        "line_number": 1
      },
      {
        "type": "Base64 High Entropy String",
        "filename": "tests/fixtures/workday_redhat_jobs.json",
        "hashed_secret": "21480b8ed076c4fdcd113946403d16be86fad025",
        "is_verified": false,
        "line_number": 1
      },
      {
        "type": "Hex High Entropy String",
        "filename": "tests/fixtures/workday_redhat_jobs.json",
        "hashed_secret": "2288589af6fa0b47bce189b7b4a08dfc4559352b",
        "is_verified": false,
        "line_number": 1
      },
      {
        "type": "Hex High Entropy String",
        "filename": "tests/fixtures/workday_redhat_jobs.json",
        "hashed_secret": "22bfbf941d86adbbb2b4c1dd52874c928c457209",
        "is_verified": false,
        "line_number": 1
      },
      {
        "type": "Hex High Entropy String",
        "filename": "tests/fixtures/workday_redhat_jobs.json",
        "hashed_secret": "2678efc840ce50f305418f8f13850b28eef465ec",
        "is_verified": false,
        "line_number": 1
      },
      {
        "type": "Hex High Entropy String",
        "filename": "tests/fixtures/workday_redhat_jobs.json",
        "hashed_secret": "365e5620e38c0efd6eabd31dcbb8be72d2cde24a",
        "is_verified": false,
        "line_number": 1
      },
      {
        "type": "Hex High Entropy String",
        "filename": "tests/fixtures/workday_redhat_jobs.json",
        "hashed_secret": "3683c6dc27a5c68fe2f5cc5ff1ec005e10c93d58",
        "is_verified": false,
        "line_number": 1
      },
      {
        "type": "Hex High Entropy String",
        "filename": "tests/fixtures/workday_redhat_jobs.json",
        "hashed_secret": "3a9da7a2f69682f46e0d62d5dcb880cfdb43ae02",
        "is_verified": false,
        "line_number": 1
      },
      {
        "type": "Hex High Entropy String",
        "filename": "tests/fixtures/workday_redhat_jobs.json",
        "hashed_secret": "3c0f0fce92f24605d8b396d97e6598ca3a3f06f6",
        "is_verified": false,
        "line_number": 1
      },
      {
        "type": "Hex High Entropy String",
        "filename": "tests/fixtures/workday_redhat_jobs.json",
        "hashed_secret": "46ee4104f56eb26e73332e357606a698b5f777b6",
        "is_verified": false,
        "line_number": 1
      },
      {
        "type": "Hex High Entropy String",
        "filename": "tests/fixtures/workday_redhat_jobs.json",
        "hashed_secret": "49dd7504e7546910837201317e483a24daf9bbcc",
        "is_verified": false,
        "line_number": 1
      },
      {
        "type": "Base64 High Entropy String",
        "filename": "tests/fixtures/workday_redhat_jobs.json",
        "hashed_secret": "4c663aced4c12e4fad67e92ee240fad0af8a5bea",
        "is_verified": false,
        "line_number": 1
      },
      {
        "type": "Hex High Entropy String",
        "filename": "tests/fixtures/workday_redhat_jobs.json",
        "hashed_secret": "50b486680487934bc658b764b98e1d0206efc7fb",
        "is_verified": false,
        "line_number": 1
      },
      {
        "type": "Hex High Entropy String",
        "filename": "tests/fixtures/workday_redhat_jobs.json",
        "hashed_secret": "5231426998e74fcbab0fab9184cf8854161a9107",
        "is_verified": false,
        "line_number": 1
      },
      {
        "type": "Hex High Entropy String",
        "filename": "tests/fixtures/workday_redhat_jobs.json",
        "hashed_secret": "53057b914910f2adf9512c7d61ba4e5d62cc331b",
        "is_verified": false,
        "line_number": 1
      },
      {
        "type": "Hex High Entropy String",
        "filename": "tests/fixtures/workday_redhat_jobs.json",
        "hashed_secret": "54455acee611b932264483d59e46964a827c1313",
        "is_verified": false,
        "line_number": 1
      },
      {
        "type": "Base64 High Entropy String",
        "filename": "tests/fixtures/workday_redhat_jobs.json",
        "hashed_secret": "59d254d7619af8f51f38fbd5c3571d758324c02a",
        "is_verified": false,
        "line_number": 1
      },
      {
        "type": "Hex High Entropy String",
        "filename": "tests/fixtures/workday_redhat_jobs.json",
        "hashed_secret": "5a608a4fe301de4a48c23a1cd1aa19f191bb5ebc",
        "is_verified": false,
        "line_number": 1
      },
      {
        "type": "Hex High Entropy String",
        "filename": "tests/fixtures/workday_redhat_jobs.json",
        "hashed_secret": "5f4f7be9f8ed06b7819ca8eafd7cde3d4721c067",
        "is_verified": false,
        "line_number": 1
      },
      {
        "type": "Hex High Entropy String",
        "filename": "tests/fixtures/workday_redhat_jobs.json",
        "hashed_secret": "5faab6d7fcef4e34d2b3be6e7ac09a795d2174f7",
        "is_verified": false,
        "line_number": 1
      },
      {
        "type": "Hex High Entropy String",
        "filename": "tests/fixtures/workday_redhat_jobs.json",
        "hashed_secret": "624ccb8de18e74302cda1c25d17fc86e6d76b124",
        "is_verified": false,
        "line_number": 1
      },
      {
        "type": "Hex High Entropy String",
        "filename": "tests/fixtures/workday_redhat_jobs.json",
        "hashed_secret": "6317adfe8ff2578b87617d8616085ab094d028e0",
        "is_verified": false,
        "line_number": 1
      },
      {
        "type": "Hex High Entropy String",
        "filename": "tests/fixtures/workday_redhat_jobs.json",
        "hashed_secret": "6344fd8d0dca30eb7de973078ae65d695e9c51b9",
        "is_verified": false,
        "line_number": 1
      },
      {
        "type": "Base64 High Entropy String",
        "filename": "tests/fixtures/workday_redhat_jobs.json",
        "hashed_secret": "67167dddb8b34d6c7eb0d1d80fcd77133dd4c852",
        "is_verified": false,
        "line_number": 1
      },
      {
        "type": "Hex High Entropy String",
        "filename": "tests/fixtures/workday_redhat_jobs.json",
        "hashed_secret": "67eeaa1f781a4a04519954ee591b437051895801",
        "is_verified": false,
        "line_number": 1
      },
      {
        "type": "Hex High Entropy String",
        "filename": "tests/fixtures/workday_redhat_jobs.json",
        "hashed_secret": "6940d14cb9ea3007246c555c9c5a7e3a9c5519bc",
        "is_verified": false,
        "line_number": 1
      },
      {
        "type": "Hex High Entropy String",
        "filename": "tests/fixtures/workday_redhat_jobs.json",
        "hashed_secret": "6b4358ba62d8a33d5076f26a5685c11b7ec89e95",
        "is_verified": false,
        "line_number": 1
      },
      {
        "type": "Hex High Entropy String",
        "filename": "tests/fixtures/workday_redhat_jobs.json",
        "hashed_secret": "71c499124fda6a32408c3a0ba0e4342103c4d6c3",
        "is_verified": false,
        "line_number": 1
      },
      {
        "type": "Hex High Entropy String",
        "filename": "tests/fixtures/workday_redhat_jobs.json",
        "hashed_secret": "72111fd4711a3d612f990108818a7c51bae84b58",
        "is_verified": false,
        "line_number": 1
      },
      {
        "type": "Hex High Entropy String",
        "filename": "tests/fixtures/workday_redhat_jobs.json",
        "hashed_secret": "7ebc1d4031e861cace42ae796c0d96670b2e03ef",
        "is_verified": false,
        "line_number": 1
      },
      {
        "type": "Hex High Entropy String",
        "filename": "tests/fixtures/workday_redhat_jobs.json",
        "hashed_secret": "856e29ad8b2f27dccd99ba9fe1077f87bad12e17",
        "is_verified": false,
        "line_number": 1
      },
      {
        "type": "Hex High Entropy String",
        "filename": "tests/fixtures/workday_redhat_jobs.json",
        "hashed_secret": "88d1cefca228341e9acfb5d352882b144eaba4e6",
        "is_verified": false,
        "line_number": 1
      },
      {
        "type": "Base64 High Entropy String",
        "filename": "tests/fixtures/workday_redhat_jobs.json",
        "hashed_secret": "8918903e57f2c5fc9972400c3753112528ee2063",
        "is_verified": false,
        "line_number": 1
      },
      {
        "type": "Hex High Entropy String",
        "filename": "tests/fixtures/workday_redhat_jobs.json",
        "hashed_secret": "8d55f023056dcf48e4f93a10bd462a4b825dd29a",
        "is_verified": false,
        "line_number": 1
      },
      {
        "type": "Base64 High Entropy String",
        "filename": "tests/fixtures/workday_redhat_jobs.json",
        "hashed_secret": "90873cb9f342f26fa38fec9003344f1d31eac959",
        "is_verified": false,
        "line_number": 1
      },
      {
        "type": "Hex High Entropy String",
        "filename": "tests/fixtures/workday_redhat_jobs.json",
        "hashed_secret": "915741d74921e4bb7937e883dc2268348f17da00",
        "is_verified": false,
        "line_number": 1
      },
      {
        "type": "Hex High Entropy String",
        "filename": "tests/fixtures/workday_redhat_jobs.json",
        "hashed_secret": "9197c3a70809ae0824e050779fbccb5b70cd975f",
        "is_verified": false,
        "line_number": 1
      },
      {
        "type": "Hex High Entropy String",
        "filename": "tests/fixtures/workday_redhat_jobs.json",
        "hashed_secret": "91d11d1a2d0f6ddcac514e9e1560c291fb8ae461",
        "is_verified": false,
        "line_number": 1
      },
      {
        "type": "Hex High Entropy String",
        "filename": "tests/fixtures/workday_redhat_jobs.json",
        "hashed_secret": "926aabd8585227fd53b07b5a7b81f76657cf657a",
        "is_verified": false,
        "line_number": 1
      },
      {
        "type": "Hex High Entropy String",
        "filename": "tests/fixtures/workday_redhat_jobs.json",
        "hashed_secret": "93c4a02a69c1d202eae38ecd86e0ad17a33c8334",
        "is_verified": false,
        "line_number": 1
      },
      {
        "type": "Hex High Entropy String",
        "filename": "tests/fixtures/workday_redhat_jobs.json",
        "hashed_secret": "9877270cc81793d318d29b57f2abfd2a9949afee",
        "is_verified": false,
        "line_number": 1
      },
      {
        "type": "Hex High Entropy String",
        "filename": "tests/fixtures/workday_redhat_jobs.json",
        "hashed_secret": "988ec5ba4f5c90e8fed8e0f4d63fd8ae38c3a26a",
        "is_verified": false,
        "line_number": 1
      },
      {
        "type": "Base64 High Entropy String",
        "filename": "tests/fixtures/workday_redhat_jobs.json",
        "hashed_secret": "98b5682a510f6f2c605bdf36189b3f7515e1aea6",
        "is_verified": false,
        "line_number": 1
      },
      {
        "type": "Hex High Entropy String",
        "filename": "tests/fixtures/workday_redhat_jobs.json",
        "hashed_secret": "9b66d27cb06f00319efbe9fcb81956b4d2a1d823",
        "is_verified": false,
        "line_number": 1
      },
      {
        "type": "Hex High Entropy String",
        "filename": "tests/fixtures/workday_redhat_jobs.json",
        "hashed_secret": "9e6cf6aa5626f01f354632c191d5ed7cfdd36574",
        "is_verified": false,
        "line_number": 1
      },
      {
        "type": "Base64 High Entropy String",
        "filename": "tests/fixtures/workday_redhat_jobs.json",
        "hashed_secret": "9f051944d8614db33f33e09bc783d34968f557f7",
        "is_verified": false,
        "line_number": 1
      },
      {
        "type": "Hex High Entropy String",
        "filename": "tests/fixtures/workday_redhat_jobs.json",
        "hashed_secret": "9f52f5b6fc84c67e4af8ceb0690f782e63b9bfab",
        "is_verified": false,
        "line_number": 1
      },
      {
        "type": "Hex High Entropy String",
        "filename": "tests/fixtures/workday_redhat_jobs.json",
        "hashed_secret": "a038f200362bab8cd3e4021a510411841cfaa5bb",
        "is_verified": false,
        "line_number": 1
      },
      {
        "type": "Hex High Entropy String",
        "filename": "tests/fixtures/workday_redhat_jobs.json",
        "hashed_secret": "a077b2b7e7c11079d1a56fcd4b53bdb9721fbcaf",
        "is_verified": false,
        "line_number": 1
      },
      {
        "type": "Hex High Entropy String",
        "filename": "tests/fixtures/workday_redhat_jobs.json",
        "hashed_secret": "a15da97c9cac5cbcc74a8c52daf554295761d5f1",
        "is_verified": false,
        "line_number": 1
      },
      {
        "type": "Hex High Entropy String",
        "filename": "tests/fixtures/workday_redhat_jobs.json",
        "hashed_secret": "ab996ee6c96c810f3cea6e02557fa265ca4ebdd5",
        "is_verified": false,
        "line_number": 1
      },
      {
        "type": "Hex High Entropy String",
        "filename": "tests/fixtures/workday_redhat_jobs.json",
        "hashed_secret": "ad2fefb998ef7f79183c422fe12df60430abab33",
        "is_verified": false,
        "line_number": 1
      },
      {
        "type": "Hex High Entropy String",
        "filename": "tests/fixtures/workday_redhat_jobs.json",
        "hashed_secret": "ae1c390d737927b2373f140aa87f979541ad173f",
        "is_verified": false,
        "line_number": 1
      },
      {
        "type": "Hex High Entropy String",
        "filename": "tests/fixtures/workday_redhat_jobs.json",
        "hashed_secret": "af93a88dfc990ef96990d067e1c8b2c8d6458131",
        "is_verified": false,
        "line_number": 1
      },
      {
        "type": "Hex High Entropy String",
        "filename": "tests/fixtures/workday_redhat_jobs.json",
        "hashed_secret": "b2c00bddfeeb16cc587a82fe0f17fcdd1c62dd67",
        "is_verified": false,
        "line_number": 1
      },
      {
        "type": "Hex High Entropy String",
        "filename": "tests/fixtures/workday_redhat_jobs.json",
        "hashed_secret": "bdc0ef6718183cb785aab31a447d341237f0d5ac",
        "is_verified": false,
        "line_number": 1
      },
      {
        "type": "Hex High Entropy String",
        "filename": "tests/fixtures/workday_redhat_jobs.json",
        "hashed_secret": "bdd6a5efeeec6db88c01b90c9dd4a9906b7fbcbd",
        "is_verified": false,
        "line_number": 1
      },
      {
        "type": "Hex High Entropy String",
        "filename": "tests/fixtures/workday_redhat_jobs.json",
        "hashed_secret": "bdf3036a1a5f7acc13fc4f4b39e616129e41d911",
        "is_verified": false,
        "line_number": 1
      },
      {
        "type": "Hex High Entropy String",
        "filename": "tests/fixtures/workday_redhat_jobs.json",
        "hashed_secret": "c53c6004e33b9e47b852d82efd701b80e673e88d",
        "is_verified": false,
        "line_number": 1
      },
      {
        "type": "Base64 High Entropy String",
        "filename": "tests/fixtures/workday_redhat_jobs.json",
        "hashed_secret": "ca7e4376cc48b80abd4eac8a44820a2d1794a053",
        "is_verified": false,
        "line_number": 1
      },
      {
        "type": "Hex High Entropy String",
        "filename": "tests/fixtures/workday_redhat_jobs.json",
        "hashed_secret": "cd9394c77747fc9382e4def97680c40a6243c16d",
        "is_verified": false,
        "line_number": 1
      },
      {
        "type": "Hex High Entropy String",
        "filename": "tests/fixtures/workday_redhat_jobs.json",
        "hashed_secret": "cf26e1068403945ab1a5ef8166b91750f12cb1cf",
        "is_verified": false,
        "line_number": 1
      },
      {
        "type": "Hex High Entropy String",
        "filename": "tests/fixtures/workday_redhat_jobs.json",
        "hashed_secret": "d0cd269673fe2a63d52b39818e726cbdeb8575ef",
        "is_verified": false,
        "line_number": 1
      },
      {
        "type": "Hex High Entropy String",
        "filename": "tests/fixtures/workday_redhat_jobs.json",
        "hashed_secret": "d0fb21b0875cd4e915476cd87cfb87e3c806092b",
        "is_verified": false,
        "line_number": 1
      },
      {
        "type": "Base64 High Entropy String",
        "filename": "tests/fixtures/workday_redhat_jobs.json",
        "hashed_secret": "d1ca8754e71ba59f390bfbf990cea054f4c99674",
        "is_verified": false,
        "line_number": 1
      },
      {
        "type": "Hex High Entropy String",
        "filename": "tests/fixtures/workday_redhat_jobs.json",
        "hashed_secret": "d2acf5d9b6a9e012e5d92b7e440c1304c9676322",
        "is_verified": false,
        "line_number": 1
      },
      {
        "type": "Hex High Entropy String",
        "filename": "tests/fixtures/workday_redhat_jobs.json",
        "hashed_secret": "d725b97e08aa2bef90e3bfe6e06cff7bb98aeafc",
        "is_verified": false,
        "line_number": 1
      },
      {
        "type": "Hex High Entropy String",
        "filename": "tests/fixtures/workday_redhat_jobs.json",
        "hashed_secret": "d9c68e6336b9f7243ddcee9e01f5f1f0341af211",
        "is_verified": false,
        "line_number": 1
      },
      {
        "type": "Hex High Entropy String",
        "filename": "tests/fixtures/workday_redhat_jobs.json",
        "hashed_secret": "dbbbc233ebc2b7c2e67b509cd3a83d12b4396756",
        "is_verified": false,
        "line_number": 1
      },
      {
        "type": "Hex High Entropy String",
        "filename": "tests/fixtures/workday_redhat_jobs.json",
        "hashed_secret": "dc06d6bc21e7e15e0a6235f09c6c4fbe2f5cc3da",
        "is_verified": false,
        "line_number": 1
      },
      {
        "type": "Base64 High Entropy String",
        "filename": "tests/fixtures/workday_redhat_jobs.json",
        "hashed_secret": "dd4ef22d076cd88ffc496114e18a779308e559c1",
        "is_verified": false,
        "line_number": 1
      },
      {
        "type": "Hex High Entropy String",
        "filename": "tests/fixtures/workday_redhat_jobs.json",
        "hashed_secret": "de514704c21b8b814f72c42590b13a7b94142d65",
        "is_verified": false,
        "line_number": 1
      },
      {
        "type": "Hex High Entropy String",
        "filename": "tests/fixtures/workday_redhat_jobs.json",
        "hashed_secret": "ea1fa049b72007658707f4c3f2e34dd195b0e315",
        "is_verified": false,
        "line_number": 1
      },
      {
        "type": "Hex High Entropy String",
        "filename": "tests/fixtures/workday_redhat_jobs.json",
        "hashed_secret": "eb70dd704c10cdd76ffb0192127030291b9f5906",
        "is_verified": false,
        "line_number": 1
      },
      {
        "type": "Base64 High Entropy String",
        "filename": "tests/fixtures/workday_redhat_jobs.json",
        "hashed_secret": "eb7de0f81e8697825a9cb1eda42204ac5c19a846",
        "is_verified": false,
        "line_number": 1
      },
      {
        "type": "Hex High Entropy String",
        "filename": "tests/fixtures/workday_redhat_jobs.json",
        "hashed_secret": "ec5dee204f232428a79af89a8a2ca37484492fc6",
        "is_verified": false,
        "line_number": 1
      },
      {
        "type": "Hex High Entropy String",
        "filename": "tests/fixtures/workday_redhat_jobs.json",
        "hashed_secret": "f1522f778159f9503d3f2f5b9f8e5bc45c71b5a7",
        "is_verified": false,
        "line_number": 1
      },
      {
        "type": "Hex High Entropy String",
        "filename": "tests/fixtures/workday_redhat_jobs.json",
        "hashed_secret": "f52da5b6bcbdf98fc2d23292a4b6a16f973d3a4d",
        "is_verified": false,
        "line_number": 1
      },
      {
        "type": "Hex High Entropy String",
        "filename": "tests/fixtures/workday_redhat_jobs.json",
        "hashed_secret": "f9ee1140cd9dafc12c4e85bab8684c75266220c5",
        "is_verified": false,
        "line_number": 1
      },
      {
        "type": "Hex High Entropy String",
        "filename": "tests/fixtures/workday_redhat_jobs.json",
        "hashed_secret": "fa5e871a572daad467db2c717907c71a801bce63",
        "is_verified": false,
        "line_number": 1
      },
      {
        "type": "Hex High Entropy String",
        "filename": "tests/fixtures/workday_redhat_jobs.json",
        "hashed_secret": "fb248982deed6cbf7cb11b668d11ede190d3a9a8",
        "is_verified": false,
        "line_number": 1
      },
      {
        "type": "Hex High Entropy String",
        "filename": "tests/fixtures/workday_redhat_jobs.json",
        "hashed_secret": "fe10830eb88cb9907ecdd708935619e9c6e73a15",
        "is_verified": false,
        "line_number": 1
      },
      {
        "type": "Hex High Entropy String",
        "filename": "tests/fixtures/workday_redhat_jobs.json",
        "hashed_secret": "ff7bed2d38c1283564a6f9260d67eaa39aa14f75",
        "is_verified": false,
        "line_number": 1
      }
    ],
    "tests/test_workday.py": [
      {
        "type": "Base64 High Entropy String",
        "filename": "tests/test_workday.py",
        "hashed_secret": "d1ca8754e71ba59f390bfbf990cea054f4c99674",
        "is_verified": false,
        "line_number": 149
      }
    ]
  },
  "generated_at": "2026-09-19T01:25:36Z"
}
